16:47:38 **** Incremental Build of configuration Debug for project 03_Timer_External_LED ****
make -j8 all 
arm-none-eabi-gcc "../Core/Src/main.c" -mcpu=cortex-m4 -std=gnu11 -g3 -DDEBUG -DUSE_HAL_DRIVER -DSTM32F401xE -c -I../Core/Inc -I../Drivers/STM32F4xx_HAL_Driver/Inc -I../Drivers/STM32F4xx_HAL_Driver/Inc/Legacy -I../Drivers/CMSIS/Device/ST/STM32F4xx/Include -I../Drivers/CMSIS/Include -O0 -ffunction-sections -fdata-sections -Wall -fstack-usage -fcyclomatic-complexity -MMD -MP -MF"Core/Src/main.d" -MT"Core/Src/main.o" --specs=nano.specs -mfpu=fpv4-sp-d16 -mfloat-abi=hard -mthumb -o "Core/Src/main.o"
../Core/Src/main.c:62:1: warning: return type defaults to 'int' [-Wimplicit-int]
   62 | int_write (int file, char *ptr, int len){
      | ^~~~~~~~~
arm-none-eabi-gcc -o "03_Timer_External_LED.elf" @"objects.list"   -mcpu=cortex-m4 -T"/home/feelmu/STM32_Code/stm32/Week2_Timers_PWM/03_Timer_External_LED/STM32F401RETX_FLASH.ld" --specs=nosys.specs -Wl,-Map="03_Timer_External_LED.map" -Wl,--gc-sections -static --specs=nano.specs -mfpu=fpv4-sp-d16 -mfloat-abi=hard -mthumb -Wl,--start-group -lc -lm -Wl,--end-group
Finished building target: 03_Timer_External_LED.elf
 
arm-none-eabi-size  03_Timer_External_LED.elf 
arm-none-eabi-objdump -h -S 03_Timer_External_LED.elf  > "03_Timer_External_LED.list"
   text	   data	    bss	    dec	    hex	filename
  14556	    104	   2048	  16708	   4144	03_Timer_External_LED.elf
Finished building: default.size.stdout
 
Finished building: 03_Timer_External_LED.list
 

16:47:38 Build Finished. 0 errors, 1 warnings. (took 298ms)

