11:06:21 **** Incremental Build of configuration Debug for project F401_blink2 ****
make -j8 all 
arm-none-eabi-gcc "../Core/Src/main.c" -mcpu=cortex-m4 -std=gnu11 -g3 -DDEBUG -DUSE_HAL_DRIVER -DSTM32F401xE -c -I../Core/Inc -I../Drivers/STM32F4xx_HAL_Driver/Inc -I../Drivers/STM32F4xx_HAL_Driver/Inc/Legacy -I../Drivers/CMSIS/Device/ST/STM32F4xx/Include -I../Drivers/CMSIS/Include -Og -ffunction-sections -fdata-sections -Wall -fstack-usage -fcyclomatic-complexity -MMD -MP -MF"Core/Src/main.d" -MT"Core/Src/main.o" --specs=nano.specs -mfpu=fpv4-sp-d16 -mfloat-abi=hard -mthumb -o "Core/Src/main.o"
arm-none-eabi-gcc -o "F401_blink2.elf" @"objects.list"   -mcpu=cortex-m4 -T"/home/feelmu/STM32_Code/stm32/F401_blink2/STM32F401RETX_FLASH.ld" --specs=nosys.specs -Wl,-Map="F401_blink2.map" -Wl,--gc-sections -static --specs=nano.specs -mfpu=fpv4-sp-d16 -mfloat-abi=hard -mthumb -Wl,--start-group -lc -lm -Wl,--end-group
Finished building target: F401_blink2.elf
 
arm-none-eabi-size  F401_blink2.elf 
arm-none-eabi-objdump -h -S F401_blink2.elf  > "F401_blink2.list"
   text	   data	    bss	    dec	    hex	filename
   9900	    112	   1984	  11996	   2edc	F401_blink2.elf
Finished building: default.size.stdout
 
Finished building: F401_blink2.list
 

11:06:21 Build Finished. 0 errors, 0 warnings. (took 224ms)

