22:05:52 **** Incremental Build of configuration Debug for project f401_blink ****
make -j8 all 
arm-none-eabi-gcc "../Core/Src/main.c" -mcpu=cortex-m4 -std=gnu11 -g3 -DDEBUG -DUSE_HAL_DRIVER -DSTM32F401xE -c -I../Core/Inc -I../Drivers/STM32F4xx_HAL_Driver/Inc -I../Drivers/STM32F4xx_HAL_Driver/Inc/Legacy -I../Drivers/CMSIS/Device/ST/STM32F4xx/Include -I../Drivers/CMSIS/Include -O0 -ffunction-sections -fdata-sections -Wall -fstack-usage -fcyclomatic-complexity -MMD -MP -MF"Core/Src/main.d" -MT"Core/Src/main.o" --specs=nano.specs -mfpu=fpv4-sp-d16 -mfloat-abi=hard -mthumb -o "Core/Src/main.o"
arm-none-eabi-gcc -o "f401_blink.elf" @"objects.list"   -mcpu=cortex-m4 -T"/home/feelmu/STM32_Code/stm32/f401_blink/STM32F401RETX_FLASH.ld" --specs=nosys.specs -Wl,-Map="f401_blink.map" -Wl,--gc-sections -static --specs=nano.specs -mfpu=fpv4-sp-d16 -mfloat-abi=hard -mthumb -Wl,--start-group -lc -lm -Wl,--end-group
Finished building target: f401_blink.elf
 
arm-none-eabi-size  f401_blink.elf 
arm-none-eabi-objdump -h -S f401_blink.elf  > "f401_blink.list"
   text	   data	    bss	    dec	    hex	filename
  12996	    104	   2048	  15148	   3b2c	f401_blink.elf
Finished building: default.size.stdout
 
Finished building: f401_blink.list
 

22:05:53 Build Finished. 0 errors, 0 warnings. (took 232ms)

